// Jest Snapshot v1, https://goo.gl/fbAQLP

exports[`Link Component Active Page - No Link 1`] = `
<a
  href="#"
  onClick={[Function]}
>
  Test
</a>
`;

exports[`Link Component Active Page - No Link 2`] = `
<a
  href="#"
  onClick={[Function]}
>
  Test
</a>
`;

exports[`Link Component Test Page - Show Link 1`] = `
<span>
  Test 
  <span>
    What
  </span>
</span>
`;
